// Jest Snapshot v1, https://goo.gl/fbAQLP

exports[`Search can be created by typing "/quote" 1`] = `"<!-- wp:search /-->"`;
